###############################################################################
#
# IAR ELF Linker V8.50.9.278/W32 for ARM                  23/Feb/2021  11:22:21
# Copyright 2007-2020 IAR Systems AB.
#
#    Output file  =
#        C:\Users\YJ병점\Documents\UART_Interrupt\EWARM\UART_Interrupt\Exe\UART_Interrupt.out
#    Map file     =
#        C:\Users\YJ병점\Documents\UART_Interrupt\EWARM\UART_Interrupt\List\UART_Interrupt.map
#    Command line =
#        -f C:\Users\YJ병점\AppData\Local\Temp\EWD850.tmp
#        (C:\Users\YJ병점\Documents\UART_Interrupt\EWARM\UART_Interrupt\Obj\main.o
#        C:\Users\YJ병점\Documents\UART_Interrupt\EWARM\UART_Interrupt\Obj\startup_stm32g474xx.o
#        C:\Users\YJ병점\Documents\UART_Interrupt\EWARM\UART_Interrupt\Obj\stm32g4xx_hal.o
#        C:\Users\YJ병점\Documents\UART_Interrupt\EWARM\UART_Interrupt\Obj\stm32g4xx_hal_cortex.o
#        C:\Users\YJ병점\Documents\UART_Interrupt\EWARM\UART_Interrupt\Obj\stm32g4xx_hal_dma.o
#        C:\Users\YJ병점\Documents\UART_Interrupt\EWARM\UART_Interrupt\Obj\stm32g4xx_hal_dma_ex.o
#        C:\Users\YJ병점\Documents\UART_Interrupt\EWARM\UART_Interrupt\Obj\stm32g4xx_hal_exti.o
#        C:\Users\YJ병점\Documents\UART_Interrupt\EWARM\UART_Interrupt\Obj\stm32g4xx_hal_flash.o
#        C:\Users\YJ병점\Documents\UART_Interrupt\EWARM\UART_Interrupt\Obj\stm32g4xx_hal_flash_ex.o
#        C:\Users\YJ병점\Documents\UART_Interrupt\EWARM\UART_Interrupt\Obj\stm32g4xx_hal_flash_ramfunc.o
#        C:\Users\YJ병점\Documents\UART_Interrupt\EWARM\UART_Interrupt\Obj\stm32g4xx_hal_gpio.o
#        C:\Users\YJ병점\Documents\UART_Interrupt\EWARM\UART_Interrupt\Obj\stm32g4xx_hal_msp.o
#        C:\Users\YJ병점\Documents\UART_Interrupt\EWARM\UART_Interrupt\Obj\stm32g4xx_hal_pwr.o
#        C:\Users\YJ병점\Documents\UART_Interrupt\EWARM\UART_Interrupt\Obj\stm32g4xx_hal_pwr_ex.o
#        C:\Users\YJ병점\Documents\UART_Interrupt\EWARM\UART_Interrupt\Obj\stm32g4xx_hal_rcc.o
#        C:\Users\YJ병점\Documents\UART_Interrupt\EWARM\UART_Interrupt\Obj\stm32g4xx_hal_rcc_ex.o
#        C:\Users\YJ병점\Documents\UART_Interrupt\EWARM\UART_Interrupt\Obj\stm32g4xx_hal_tim.o
#        C:\Users\YJ병점\Documents\UART_Interrupt\EWARM\UART_Interrupt\Obj\stm32g4xx_hal_tim_ex.o
#        C:\Users\YJ병점\Documents\UART_Interrupt\EWARM\UART_Interrupt\Obj\stm32g4xx_hal_uart.o
#        C:\Users\YJ병점\Documents\UART_Interrupt\EWARM\UART_Interrupt\Obj\stm32g4xx_hal_uart_ex.o
#        C:\Users\YJ병점\Documents\UART_Interrupt\EWARM\UART_Interrupt\Obj\stm32g4xx_it.o
#        C:\Users\YJ병점\Documents\UART_Interrupt\EWARM\UART_Interrupt\Obj\system_stm32g4xx.o
#        --no_out_extension -o
#        C:\Users\YJ병점\Documents\UART_Interrupt\EWARM\UART_Interrupt\Exe\UART_Interrupt.out
#        --redirect _Printf=_PrintfFullNoMb --redirect _Scanf=_ScanfFullNoMb
#        --map
#        C:\Users\YJ병점\Documents\UART_Interrupt\EWARM\UART_Interrupt\List\UART_Interrupt.map
#        --config
#        C:\Users\YJ병점\Documents\UART_Interrupt\EWARM/stm32g474xx_flash.icf
#        --semihosting --entry __iar_program_start --vfe --text_out locale)
#
###############################################################################

*******************************************************************************
*** RUNTIME MODEL ATTRIBUTES
***

CppFlavor       = *
__SystemLibrary = DLib
__dlib_version  = 6


*******************************************************************************
*** HEAP SELECTION
***

The basic heap was selected because some modules are built with
size limitations (and not runtime checking), and --advanced_heap
was not specified.


*******************************************************************************
*** PLACEMENT SUMMARY
***

"A0":  place at address 0x800'0000 { ro section .intvec };
"P1":  place in [from 0x800'0000 to 0x807'ffff] { ro };
define block CSTACK with size = 1K, alignment = 8 { };
define block HEAP with size = 512, alignment = 8 { };
"P2":  place in [from 0x2000'0000 to 0x2001'ffff] {
          rw, block CSTACK, block HEAP };
initialize by copy { rw };

  Section            Kind         Address    Size  Object
  -------            ----         -------    ----  ------
"A0":                                       0x1d8
  .intvec            ro code   0x800'0000   0x1d8  startup_stm32g474xx.o [1]
                             - 0x800'01d8   0x1d8

"P1":                                      0x2018
  .text              ro code   0x800'01d8   0xa68  stm32g4xx_hal_uart.o [1]
  .text              ro code   0x800'0c40    0xa8  stm32g4xx_hal_msp.o [1]
  .text              ro code   0x800'0ce8     0xc  stm32g4xx_hal.o [1]
  .text              ro code   0x800'0cf4    0x72  stm32g4xx_hal_dma.o [1]
  .text              ro code   0x800'0d66     0x2  stm32g4xx_hal_uart.o [1]
  .text              ro code   0x800'0d68   0x112  stm32g4xx_hal_uart_ex.o [1]
  .text              ro code   0x800'0e7a     0x2  stm32g4xx_hal_uart.o [1]
  .text              ro code   0x800'0e7c     0x2  stm32g4xx_hal_uart_ex.o [1]
  .text              ro code   0x800'0e7e     0x2  stm32g4xx_hal_uart_ex.o [1]
  .text              ro code   0x800'0e80   0x62c  stm32g4xx_hal_rcc.o [1]
  .text              ro code   0x800'14ac   0x106  I64DivMod_small.o [4]
  .text              ro code   0x800'15b2    0x3a  zero_init3.o [4]
  .text              ro code   0x800'15ec   0x218  main.o [1]
  .text              ro code   0x800'1804    0xb0  stm32g4xx_hal_pwr_ex.o [1]
  .text              ro code   0x800'18b4    0x14  memset.o [4]
  .text              ro code   0x800'18c8   0x1d6  stm32g4xx_hal_gpio.o [1]
  .text              ro code   0x800'1a9e    0x2e  copy_init3.o [4]
  .text              ro code   0x800'1acc    0xc8  stm32g4xx_hal_cortex.o [1]
  .text              ro code   0x800'1b94    0x44  stm32g4xx_hal.o [1]
  .text              ro code   0x800'1bd8     0x2  I64DivZer.o [4]
  .text              ro code   0x800'1bdc    0x1e  stm32g4xx_hal.o [1]
  .text              ro code   0x800'1bfc    0x18  ABImemcpy_small.o [4]
  .text              ro code   0x800'1c14   0x28c  stm32g4xx_hal_rcc_ex.o [1]
  .text              ro code   0x800'1ea0    0x66  ABImemset.o [4]
  .text              ro code   0x800'1f08    0x2c  system_stm32g4xx.o [1]
  .text              ro code   0x800'1f34    0x28  stm32g4xx_it.o [1]
  .text              ro code   0x800'1f5c    0x10  stm32g4xx_hal.o [1]
  .text              ro code   0x800'1f6c    0x28  data_init.o [4]
  .text              ro code   0x800'1f94    0x22  fpinit_M.o [3]
  .iar.init_table    const     0x800'1fb8    0x24  - Linker created -
  .text              ro code   0x800'1fdc    0x1e  cmain.o [4]
  .text              ro code   0x800'1ffa     0x4  low_level_init.o [2]
  .text              ro code   0x800'1ffe     0x4  exit.o [2]
  .text              ro code   0x800'2004     0xa  cexit.o [4]
  .text              ro code   0x800'2010    0x14  exit.o [5]
  .text              ro code   0x800'2024    0x1c  cstartup_M.o [4]
  .text              ro code   0x800'2040    0x10  startup_stm32g474xx.o [1]
  Initializer bytes  const     0x800'2050    0x10  <for P2-1>
  .rodata            const     0x800'2060     0x8  system_stm32g4xx.o [1]
  .text              ro code   0x800'2068     0x4  startup_stm32g474xx.o [1]
  .text              ro code   0x800'206c     0x4  startup_stm32g474xx.o [1]
  .text              ro code   0x800'2070     0x4  startup_stm32g474xx.o [1]
  .text              ro code   0x800'2074     0x4  startup_stm32g474xx.o [1]
  .text              ro code   0x800'2078     0x4  startup_stm32g474xx.o [1]
  .text              ro code   0x800'207c     0x4  startup_stm32g474xx.o [1]
  .text              ro code   0x800'2080     0x4  startup_stm32g474xx.o [1]
  .text              ro code   0x800'2084     0x4  startup_stm32g474xx.o [1]
  .text              ro code   0x800'2088     0x4  startup_stm32g474xx.o [1]
  .text              ro code   0x800'208c     0x4  startup_stm32g474xx.o [1]
  .text              ro code   0x800'2090     0x4  startup_stm32g474xx.o [1]
  .text              ro code   0x800'2094     0x4  startup_stm32g474xx.o [1]
  .text              ro code   0x800'2098     0x4  startup_stm32g474xx.o [1]
  .text              ro code   0x800'209c     0x4  startup_stm32g474xx.o [1]
  .text              ro code   0x800'20a0     0x4  startup_stm32g474xx.o [1]
  .text              ro code   0x800'20a4     0x4  startup_stm32g474xx.o [1]
  .text              ro code   0x800'20a8     0x4  startup_stm32g474xx.o [1]
  .text              ro code   0x800'20ac     0x4  startup_stm32g474xx.o [1]
  .text              ro code   0x800'20b0     0x4  startup_stm32g474xx.o [1]
  .text              ro code   0x800'20b4     0x4  startup_stm32g474xx.o [1]
  .text              ro code   0x800'20b8     0x4  startup_stm32g474xx.o [1]
  .text              ro code   0x800'20bc     0x4  startup_stm32g474xx.o [1]
  .text              ro code   0x800'20c0     0x4  startup_stm32g474xx.o [1]
  .text              ro code   0x800'20c4     0x4  startup_stm32g474xx.o [1]
  .text              ro code   0x800'20c8     0x4  startup_stm32g474xx.o [1]
  .text              ro code   0x800'20cc     0x4  startup_stm32g474xx.o [1]
  .text              ro code   0x800'20d0     0x4  startup_stm32g474xx.o [1]
  .text              ro code   0x800'20d4     0x4  startup_stm32g474xx.o [1]
  .text              ro code   0x800'20d8     0x4  startup_stm32g474xx.o [1]
  .text              ro code   0x800'20dc     0x4  startup_stm32g474xx.o [1]
  .text              ro code   0x800'20e0     0x4  startup_stm32g474xx.o [1]
  .text              ro code   0x800'20e4     0x4  startup_stm32g474xx.o [1]
  .text              ro code   0x800'20e8     0x4  startup_stm32g474xx.o [1]
  .text              ro code   0x800'20ec     0x4  startup_stm32g474xx.o [1]
  .text              ro code   0x800'20f0     0x4  startup_stm32g474xx.o [1]
  .text              ro code   0x800'20f4     0x4  startup_stm32g474xx.o [1]
  .text              ro code   0x800'20f8     0x4  startup_stm32g474xx.o [1]
  .text              ro code   0x800'20fc     0x4  startup_stm32g474xx.o [1]
  .text              ro code   0x800'2100     0x4  startup_stm32g474xx.o [1]
  .text              ro code   0x800'2104     0x4  startup_stm32g474xx.o [1]
  .text              ro code   0x800'2108     0x4  startup_stm32g474xx.o [1]
  .text              ro code   0x800'210c     0x4  startup_stm32g474xx.o [1]
  .text              ro code   0x800'2110     0x4  startup_stm32g474xx.o [1]
  .text              ro code   0x800'2114     0x4  startup_stm32g474xx.o [1]
  .text              ro code   0x800'2118     0x4  startup_stm32g474xx.o [1]
  .text              ro code   0x800'211c     0x4  startup_stm32g474xx.o [1]
  .text              ro code   0x800'2120     0x4  startup_stm32g474xx.o [1]
  .text              ro code   0x800'2124     0x4  startup_stm32g474xx.o [1]
  .text              ro code   0x800'2128     0x4  startup_stm32g474xx.o [1]
  .text              ro code   0x800'212c     0x4  startup_stm32g474xx.o [1]
  .text              ro code   0x800'2130     0x4  startup_stm32g474xx.o [1]
  .text              ro code   0x800'2134     0x4  startup_stm32g474xx.o [1]
  .text              ro code   0x800'2138     0x4  startup_stm32g474xx.o [1]
  .text              ro code   0x800'213c     0x4  startup_stm32g474xx.o [1]
  .text              ro code   0x800'2140     0x4  startup_stm32g474xx.o [1]
  .text              ro code   0x800'2144     0x4  startup_stm32g474xx.o [1]
  .text              ro code   0x800'2148     0x4  startup_stm32g474xx.o [1]
  .text              ro code   0x800'214c     0x4  startup_stm32g474xx.o [1]
  .text              ro code   0x800'2150     0x4  startup_stm32g474xx.o [1]
  .text              ro code   0x800'2154     0x4  startup_stm32g474xx.o [1]
  .text              ro code   0x800'2158     0x4  startup_stm32g474xx.o [1]
  .text              ro code   0x800'215c     0x4  startup_stm32g474xx.o [1]
  .text              ro code   0x800'2160     0x4  startup_stm32g474xx.o [1]
  .text              ro code   0x800'2164     0x4  startup_stm32g474xx.o [1]
  .text              ro code   0x800'2168     0x4  startup_stm32g474xx.o [1]
  .text              ro code   0x800'216c     0x4  startup_stm32g474xx.o [1]
  .text              ro code   0x800'2170     0x4  startup_stm32g474xx.o [1]
  .text              ro code   0x800'2174     0x4  startup_stm32g474xx.o [1]
  .text              ro code   0x800'2178     0x4  startup_stm32g474xx.o [1]
  .text              ro code   0x800'217c     0x4  startup_stm32g474xx.o [1]
  .text              ro code   0x800'2180     0x4  startup_stm32g474xx.o [1]
  .text              ro code   0x800'2184     0x4  startup_stm32g474xx.o [1]
  .text              ro code   0x800'2188     0x4  startup_stm32g474xx.o [1]
  .text              ro code   0x800'218c     0x4  startup_stm32g474xx.o [1]
  .text              ro code   0x800'2190     0x4  startup_stm32g474xx.o [1]
  .text              ro code   0x800'2194     0x4  startup_stm32g474xx.o [1]
  .text              ro code   0x800'2198     0x4  startup_stm32g474xx.o [1]
  .text              ro code   0x800'219c     0x4  startup_stm32g474xx.o [1]
  .text              ro code   0x800'21a0     0x4  startup_stm32g474xx.o [1]
  .text              ro code   0x800'21a4     0x4  startup_stm32g474xx.o [1]
  .text              ro code   0x800'21a8     0x4  startup_stm32g474xx.o [1]
  .text              ro code   0x800'21ac     0x4  startup_stm32g474xx.o [1]
  .text              ro code   0x800'21b0     0x4  startup_stm32g474xx.o [1]
  .text              ro code   0x800'21b4     0x4  startup_stm32g474xx.o [1]
  .text              ro code   0x800'21b8     0x4  startup_stm32g474xx.o [1]
  .text              ro code   0x800'21bc     0x4  startup_stm32g474xx.o [1]
  .text              ro code   0x800'21c0     0x4  startup_stm32g474xx.o [1]
  .text              ro code   0x800'21c4     0x4  startup_stm32g474xx.o [1]
  .text              ro code   0x800'21c8     0x4  startup_stm32g474xx.o [1]
  .text              ro code   0x800'21cc     0x4  startup_stm32g474xx.o [1]
  .text              ro code   0x800'21d0     0x4  startup_stm32g474xx.o [1]
  .text              ro code   0x800'21d4     0x4  startup_stm32g474xx.o [1]
  .text              ro code   0x800'21d8     0x4  startup_stm32g474xx.o [1]
  .text              ro code   0x800'21dc     0x4  startup_stm32g474xx.o [1]
  .text              ro code   0x800'21e0     0x4  startup_stm32g474xx.o [1]
  .text              ro code   0x800'21e4     0x4  startup_stm32g474xx.o [1]
  .text              ro code   0x800'21e8     0x4  startup_stm32g474xx.o [1]
  .text              ro code   0x800'21ec     0x4  startup_stm32g474xx.o [1]
  .rodata            const     0x800'21f0     0x0  zero_init3.o [4]
  .rodata            const     0x800'21f0     0x0  copy_init3.o [4]
                             - 0x800'21f0  0x2018

"P2", part 1 of 3:                           0x10
  P2-1                        0x2000'0000    0x10  <Init block>
    .data            inited   0x2000'0000     0xc  stm32g4xx_hal.o [1]
    .data            inited   0x2000'000c     0x4  system_stm32g4xx.o [1]
                            - 0x2000'0010    0x10

"P2", part 2 of 3:                           0x90
  .bss               zero     0x2000'0010    0x8c  main.o [1]
  .bss               zero     0x2000'009c     0x2  main.o [1]
                            - 0x2000'009e    0x8e

"P2", part 3 of 3:                          0x400
  CSTACK                      0x2000'00a0   0x400  <Block>
    CSTACK           uninit   0x2000'00a0   0x400  <Block tail>
                            - 0x2000'04a0   0x400

Unused ranges:

         From           To      Size
         ----           --      ----
   0x800'21f0   0x807'ffff  0x7'de10
  0x2000'04a0  0x2001'ffff  0x1'fb60


*******************************************************************************
*** INIT TABLE
***

          Address      Size
          -------      ----
Zero (__iar_zero_init3)
    1 destination range, total size 0x8e:
          0x2000'0010  0x8e

Copy (__iar_copy_init3)
    1 source range, total size 0x10:
           0x800'2050  0x10
    1 destination range, total size 0x10:
          0x2000'0000  0x10



*******************************************************************************
*** MODULE SUMMARY
***

    Module                   ro code  ro data  rw data
    ------                   -------  -------  -------
command line/config:
    --------------------------------------------------
    Total:

C:\Users\YJ병점\Documents\UART_Interrupt\EWARM\UART_Interrupt\Obj: [1]
    main.o                       536               142
    startup_stm32g474xx.o        880
    stm32g4xx_hal.o              126       12       12
    stm32g4xx_hal_cortex.o       200
    stm32g4xx_hal_dma.o          114
    stm32g4xx_hal_gpio.o         470
    stm32g4xx_hal_msp.o          168
    stm32g4xx_hal_pwr_ex.o       176
    stm32g4xx_hal_rcc.o        1'580
    stm32g4xx_hal_rcc_ex.o       652
    stm32g4xx_hal_uart.o       2'668
    stm32g4xx_hal_uart_ex.o      278
    stm32g4xx_it.o                40
    system_stm32g4xx.o            44       12        4
    --------------------------------------------------
    Total:                     7'932       24      158

dl7M_tln.a: [2]
    exit.o                         4
    low_level_init.o               4
    --------------------------------------------------
    Total:                         8

m7M_tls.a: [3]
    fpinit_M.o                    34
    --------------------------------------------------
    Total:                        34

rt7M_tl.a: [4]
    ABImemcpy_small.o             24
    ABImemset.o                  102
    I64DivMod_small.o            262
    I64DivZer.o                    2
    cexit.o                       10
    cmain.o                       30
    copy_init3.o                  46
    cstartup_M.o                  28
    data_init.o                   40
    memset.o                      20
    zero_init3.o                  58
    --------------------------------------------------
    Total:                       622

shb_l.a: [5]
    exit.o                        20
    --------------------------------------------------
    Total:                        20

    Gaps                          10        2
    Linker created                         36    1'024
------------------------------------------------------
    Grand Total:               8'626       62    1'182


*******************************************************************************
*** ENTRY LIST
***

Entry                       Address   Size  Type      Object
-----                       -------   ----  ----      ------
.iar.init_table$$Base    0x800'1fb8          --   Gb  - Linker created -
.iar.init_table$$Limit   0x800'1fdc          --   Gb  - Linker created -
?main                    0x800'1fdd         Code  Gb  cmain.o [4]
AHBPrescTable            0x800'1f24   0x10  Data  Gb  system_stm32g4xx.o [1]
APBPrescTable            0x800'2060    0x8  Data  Gb  system_stm32g4xx.o [1]
BusFault_Handler         0x800'1f3b    0x2  Code  Gb  stm32g4xx_it.o [1]
CSTACK$$Base            0x2000'00a0          --   Gb  - Linker created -
CSTACK$$Limit           0x2000'04a0          --   Gb  - Linker created -
DebugMon_Handler         0x800'1f41    0x2  Code  Gb  stm32g4xx_it.o [1]
EXTI15_10_IRQHandler     0x800'1f49    0x8  Code  Gb  stm32g4xx_it.o [1]
Error_Handler            0x800'17ed    0x4  Code  Gb  main.o [1]
HAL_DMA_Abort_IT         0x800'0cf5   0x72  Code  Gb  stm32g4xx_hal_dma.o [1]
HAL_GPIO_EXTI_IRQHandler
                         0x800'1a69   0x10  Code  Gb  stm32g4xx_hal_gpio.o [1]
HAL_GPIO_Init            0x800'18c9  0x196  Code  Gb  stm32g4xx_hal_gpio.o [1]
HAL_GPIO_WritePin        0x800'1a5f    0xa  Code  Gb  stm32g4xx_hal_gpio.o [1]
HAL_GetTick              0x800'0ce9    0xc  Code  Wk  stm32g4xx_hal.o [1]
HAL_IncTick              0x800'1f5d   0x10  Code  Wk  stm32g4xx_hal.o [1]
HAL_Init                 0x800'1bdd   0x1e  Code  Gb  stm32g4xx_hal.o [1]
HAL_InitTick             0x800'1b95   0x44  Code  Wk  stm32g4xx_hal.o [1]
HAL_MspInit              0x800'0c41   0x2e  Code  Gb  stm32g4xx_hal_msp.o [1]
HAL_NVIC_EnableIRQ       0x800'1b3d   0x16  Code  Gb  stm32g4xx_hal_cortex.o [1]
HAL_NVIC_SetPriority     0x800'1b01   0x3a  Code  Gb  stm32g4xx_hal_cortex.o [1]
HAL_NVIC_SetPriorityGrouping
                         0x800'1ae7   0x1a  Code  Gb  stm32g4xx_hal_cortex.o [1]
HAL_PWREx_ControlVoltageScaling
                         0x800'1805   0x52  Code  Gb  stm32g4xx_hal_pwr_ex.o [1]
HAL_PWREx_DisableUCPDDeadBattery
                         0x800'1893    0x2  Code  Gb  stm32g4xx_hal_pwr_ex.o [1]
HAL_RCCEx_PeriphCLKConfig
                         0x800'1c15  0x264  Code  Gb  stm32g4xx_hal_rcc_ex.o [1]
HAL_RCC_ClockConfig      0x800'1243  0x196  Code  Gb  stm32g4xx_hal_rcc.o [1]
HAL_RCC_GetPCLK1Freq     0x800'144d   0x10  Code  Gb  stm32g4xx_hal_rcc.o [1]
HAL_RCC_GetPCLK2Freq     0x800'145d    0xe  Code  Gb  stm32g4xx_hal_rcc.o [1]
HAL_RCC_GetSysClockFreq
                         0x800'13ef   0x5e  Code  Gb  stm32g4xx_hal_rcc.o [1]
HAL_RCC_OscConfig        0x800'0e81  0x3a6  Code  Gb  stm32g4xx_hal_rcc.o [1]
HAL_SYSTICK_Config       0x800'1b53   0x28  Code  Gb  stm32g4xx_hal_cortex.o [1]
HAL_UARTEx_DisableFifoMode
                         0x800'0d69   0x3c  Code  Gb  stm32g4xx_hal_uart_ex.o [1]
HAL_UARTEx_RxFifoFullCallback
                         0x800'0e7f    0x2  Code  Wk  stm32g4xx_hal_uart_ex.o [1]
HAL_UARTEx_SetRxFifoThreshold
                         0x800'0dbb   0x14  Code  Gb  stm32g4xx_hal_uart_ex.o [1]
HAL_UARTEx_SetTxFifoThreshold
                         0x800'0da5   0x16  Code  Gb  stm32g4xx_hal_uart_ex.o [1]
HAL_UARTEx_TxFifoEmptyCallback
                         0x800'0e7d    0x2  Code  Wk  stm32g4xx_hal_uart_ex.o [1]
HAL_UARTEx_WakeupCallback
                         0x800'0e79    0x2  Code  Wk  stm32g4xx_hal_uart_ex.o [1]
HAL_UART_IRQHandler      0x800'0401  0x1c8  Code  Gb  stm32g4xx_hal_uart.o [1]
HAL_UART_Init            0x800'01d9   0x30  Code  Gb  stm32g4xx_hal_uart.o [1]
HAL_UART_MspInit         0x800'0c6f   0x6e  Code  Gb  stm32g4xx_hal_msp.o [1]
HAL_UART_Receive_IT      0x800'0311   0xe8  Code  Gb  stm32g4xx_hal_uart.o [1]
HAL_UART_RxCpltCallback
                         0x800'17a5   0x2e  Code  Gb  main.o [1]
HAL_UART_Transmit        0x800'0259   0xb8  Code  Gb  stm32g4xx_hal_uart.o [1]
HardFault_Handler        0x800'1f37    0x2  Code  Gb  stm32g4xx_it.o [1]
LPUART1_IRQHandler       0x800'1f51    0x6  Code  Gb  stm32g4xx_it.o [1]
MemManage_Handler        0x800'1f39    0x2  Code  Gb  stm32g4xx_it.o [1]
NMI_Handler              0x800'1f35    0x2  Code  Gb  stm32g4xx_it.o [1]
PendSV_Handler           0x800'1f43    0x2  Code  Gb  stm32g4xx_it.o [1]
Region$$Table$$Base      0x800'1fb8          --   Gb  - Linker created -
Region$$Table$$Limit     0x800'1fdc          --   Gb  - Linker created -
SVC_Handler              0x800'1f3f    0x2  Code  Gb  stm32g4xx_it.o [1]
SysTick_Handler          0x800'1f45    0x4  Code  Gb  stm32g4xx_it.o [1]
SystemClock_Config       0x800'1711   0x8e  Code  Gb  main.o [1]
SystemCoreClock         0x2000'000c    0x4  Data  Gb  system_stm32g4xx.o [1]
SystemInit               0x800'1f09   0x14  Code  Gb  system_stm32g4xx.o [1]
UARTEx_SetNbDataToProcess
                         0x800'0e11   0x56  Code  Lc  stm32g4xx_hal_uart_ex.o [1]
UARTPrescTable           0x800'0c28   0x18  Data  Gb  stm32g4xx_hal_uart.o [1]
UART_AdvFeatureConfig    0x800'0875   0xc6  Code  Gb  stm32g4xx_hal_uart.o [1]
UART_CheckIdleState      0x800'093b   0x5a  Code  Gb  stm32g4xx_hal_uart.o [1]
UART_DMAAbortOnError     0x800'0a41   0x10  Code  Lc  stm32g4xx_hal_uart.o [1]
UART_EndRxTransfer       0x800'0a1b   0x20  Code  Lc  stm32g4xx_hal_uart.o [1]
UART_RxISR_16BIT         0x800'0a75   0x24  Code  Lc  stm32g4xx_hal_uart.o [1]
UART_RxISR_16BIT_FIFOEN
                         0x800'0b37   0x48  Code  Lc  stm32g4xx_hal_uart.o [1]
UART_RxISR_8BIT          0x800'0a51   0x24  Code  Lc  stm32g4xx_hal_uart.o [1]
UART_RxISR_8BIT_FIFOEN   0x800'0ae3   0x48  Code  Lc  stm32g4xx_hal_uart.o [1]
UART_SetConfig           0x800'05d5  0x290  Code  Gb  stm32g4xx_hal_uart.o [1]
UART_WaitOnFlagUntilTimeout
                         0x800'0995   0x66  Code  Gb  stm32g4xx_hal_uart.o [1]
USART1_IRQHandler        0x800'179f    0x6  Code  Gb  main.o [1]
UsageFault_Handler       0x800'1f3d    0x2  Code  Gb  stm32g4xx_it.o [1]
__NVIC_SetPriority       0x800'1acd   0x1a  Code  Lc  stm32g4xx_hal_cortex.o [1]
__aeabi_ldiv0            0x800'1bd9         Code  Gb  I64DivZer.o [4]
__aeabi_memset           0x800'1ea1         Code  Gb  ABImemset.o [4]
__cmain                  0x800'1fdd         Code  Gb  cmain.o [4]
__exit                   0x800'2011   0x14  Code  Gb  exit.o [5]
__iar_Memset             0x800'1ea1         Code  Gb  ABImemset.o [4]
__iar_Memset_word        0x800'1ea9         Code  Gb  ABImemset.o [4]
__iar_copy_init3         0x800'1a9f   0x2e  Code  Gb  copy_init3.o [4]
__iar_data_init3         0x800'1f6d   0x28  Code  Gb  data_init.o [4]
__iar_init_vfp           0x800'1f95         Code  Gb  fpinit_M.o [3]
__iar_program_start      0x800'2025         Code  Gb  cstartup_M.o [4]
__iar_small_Memcpy       0x800'1c01         Code  Gb  ABImemcpy_small.o [4]
__iar_small_memcpy       0x800'1bfd         Code  Gb  ABImemcpy_small.o [4]
__iar_small_memcpy4      0x800'1bfd         Code  Gb  ABImemcpy_small.o [4]
__iar_small_memcpy8      0x800'1bfd         Code  Gb  ABImemcpy_small.o [4]
__iar_small_uldivmod     0x800'14ad         Code  Gb  I64DivMod_small.o [4]
__iar_zero_init3         0x800'15b3   0x3a  Code  Gb  zero_init3.o [4]
__low_level_init         0x800'1ffb    0x4  Code  Gb  low_level_init.o [2]
__vector_table           0x800'0000         Data  Gb  startup_stm32g474xx.o [1]
_call_main               0x800'1fe9         Code  Gb  cmain.o [4]
_exit                    0x800'2005         Code  Gb  cexit.o [4]
_main                    0x800'1ff3         Code  Gb  cmain.o [4]
exit                     0x800'1fff    0x4  Code  Gb  exit.o [2]
hlpuart1                0x2000'0010   0x8c  Data  Gb  main.o [1]
main                     0x800'15ed  0x124  Code  Gb  main.o [1]
memset                   0x800'18b5   0x14  Code  Gb  memset.o [4]
rx_buff                 0x2000'009c    0x1  Data  Gb  main.o [1]
tx_buff                 0x2000'009d    0x1  Data  Gb  main.o [1]
uwTick                  0x2000'0000    0x4  Data  Gb  stm32g4xx_hal.o [1]
uwTickFreq              0x2000'0008    0x4  Data  Gb  stm32g4xx_hal.o [1]
uwTickPrio              0x2000'0004    0x4  Data  Gb  stm32g4xx_hal.o [1]


[1] = C:\Users\YJ병점\Documents\UART_Interrupt\EWARM\UART_Interrupt\Obj
[2] = dl7M_tln.a
[3] = m7M_tls.a
[4] = rt7M_tl.a
[5] = shb_l.a

  8'626 bytes of readonly  code memory
     62 bytes of readonly  data memory
  1'182 bytes of readwrite data memory

Errors: none
Warnings: none
